// Jest Snapshot v1, https://goo.gl/fbAQLP

exports[`Links didn't change 1`] = `
<nav
  className="navbar navbar-expand-lg navbar-light bg-primary"
>
  <button
    aria-controls="navbarNavDropdown"
    aria-expanded="false"
    aria-label="Toggle navigation"
    className="navbar-toggler"
    data-target="#navbarNavDropdown"
    data-toggle="collapse"
    type="button"
  >
    <span
      className="navbar-toggler-icon"
    />
  </button>
  <div
    className="collapse navbar-collapse"
    id="navbarNavDropdown"
  >
    <ul
      className="navbar-nav"
    >
      <li
        className="nav-item active"
      >
        <a
          className="nav-link"
          href="/"
          onClick={[Function]}
        >
          Home
        </a>
      </li>
      <li
        className="nav-item"
      >
        <a
          className="nav-link"
          href="/list-users"
          onClick={[Function]}
        >
          Users
        </a>
      </li>
      <li
        className="nav-item"
      >
        <a
          className="nav-link"
          href="/videos"
          onClick={[Function]}
        >
          Videos
        </a>
      </li>
    </ul>
  </div>
</nav>
`;
